This is XeTeX, Version 3.141592653-2.6-0.999995 (TeX Live 2023) (preloaded format=xelatex 2023.12.9)  29 MAR 2024 16:57
entering extended mode
 restricted \write18 enabled.
 %&-line parsing enabled.
**abstract.tex
(./abstract.tex
LaTeX2e <2022-11-01> patch level 1
L3 programming layer <2023-02-22>

! LaTeX Error: Environment ChineseAbstract undefined.

See the LaTeX manual or LaTeX Companion for explanation.
Type  H <return>  for immediate help.
 ...                                              
                                                  
l.2 \begin{ChineseAbstract}
                           
Your command was ignored.
Type  I <command> <return>  to replace it with another command,
or  <return>  to continue without it.


! LaTeX Error: Missing \begin{document}.

See the LaTeX manual or LaTeX Companion for explanation.
Type  H <return>  for immediate help.
 ...                                              
                                                  
l.3 论
     文中文摘要字数约为300$\textasciitilde$600字，如遇特殊需要字数可以略多，限一页。
You're in trouble here.  Try typing  <return>  to proceed.
If that doesn't work, type  X <return>  to quit.

Missing character: There is no 论 ("8BBA) in font nullfont!
Missing character: There is no 文 ("6587) in font nullfont!
Missing character: There is no 中 ("4E2D) in font nullfont!
Missing character: There is no 文 ("6587) in font nullfont!
Missing character: There is no 摘 ("6458) in font nullfont!
Missing character: There is no 要 ("8981) in font nullfont!
Missing character: There is no 字 ("5B57) in font nullfont!
Missing character: There is no 数 ("6570) in font nullfont!
Missing character: There is no 约 ("7EA6) in font nullfont!
Missing character: There is no 为 ("4E3A) in font nullfont!
Missing character: There is no 3 ("33) in font nullfont!
Missing character: There is no 0 ("30) in font nullfont!
Missing character: There is no 0 ("30) in font nullfont!
LaTeX Font Info:    External font `cmex10' loaded for size
(Font)              <7> on input line 3.
LaTeX Font Info:    External font `cmex10' loaded for size
(Font)              <5> on input line 3.

LaTeX Warning: Command \textasciitilde invalid in math mode on input line 3.


LaTeX Warning: Command \~ invalid in math mode on input line 3.

LaTeX Font Info:    Trying to load font information for OT1+lmr on input line 3
.
(d:/TEXLIVE/texlive/2023/texmf-dist/tex/latex/lm/ot1lmr.fd
File: ot1lmr.fd 2015/05/01 v1.6.1 Font defs for Latin Modern
)

LaTeX Warning: Command \~ invalid in math mode on input line 3.

LaTeX Font Info:    Trying to load font information for +lmr on input line 3.
LaTeX Font Info:    No file lmr.fd. on input line 3.
LaTeX Font Info:    Trying to load font information for +cmr on input line 3.
LaTeX Font Info:    No file cmr.fd. on input line 3.

LaTeX Font Warning: Font shape `/lmr/m/n' undefined
(Font)              using `/cmr/m/n' instead on input line 3.


LaTeX Font Warning: Font shape `/cmr/m/n' undefined
(Font)              using `/cmr/m/n' instead on input line 3.

! Corrupted NFSS tables.
wrong@fontshape ...message {Corrupted NFSS tables}
                                                  error@fontshape else let f...
l.3 论文中文摘要字数约为300$\textasciitilde
                                 $600字，如遇特殊需要字数可以略多，限一页。
This error message was generated by an \errmessage
command, so I can't give any explicit help.
Pretend that you're Hercule Poirot: Examine all clues,
and deduce the truth by order and method.


LaTeX Font Warning: Font shape `/cmr/m/n' undefined
(Font)              using `OT1/cmr/m/n' instead on input line 3.

! Please use \mathaccent for accents in math mode.
\add@accent ... \let \ignorespaces \relax \accent 
                                                  #1 #2\egroup \ifmmode \els...
l.3 论文中文摘要字数约为300$\textasciitilde
                                 $600字，如遇特殊需要字数可以略多，限一页。
I'm changing \accent to \mathaccent here; wish me luck.
(Accents are not the same in formulas as they are in text.)

! Missing { inserted.
<to be read again> 
                   \edef 
l.3 论文中文摘要字数约为300$\textasciitilde
                                 $600字，如遇特殊需要字数可以略多，限一页。
A left brace was mandatory here, so I've put one in.
You might want to delete and/or insert some corrections
so that I will find a matching right brace soon.
(If you're confused by all this, try typing `I}' now.)


LaTeX Font Warning: Font shape `/lmr/m/n' undefined
(Font)              using `/cmr/m/n' instead on input line 3.

! Missing } inserted.
<inserted text> 
                }
l.3 论文中文摘要字数约为300$\textasciitilde$
                                  600字，如遇特殊需要字数可以略多，限一页。
I've inserted something that you may have forgotten.
(See the <inserted text> above.)
With luck, this will get me unwedged. But if you
really didn't forget anything, try typing `2' now; then
my insertion and my current dilemma will both disappear.

Missing character: There is no 6 ("36) in font nullfont!
Missing character: There is no 0 ("30) in font nullfont!
Missing character: There is no 0 ("30) in font nullfont!
Missing character: There is no 字 ("5B57) in font nullfont!
Missing character: There is no ， ("FF0C) in font nullfont!
Missing character: There is no 如 ("5982) in font nullfont!
Missing character: There is no 遇 ("9047) in font nullfont!
Missing character: There is no 特 ("7279) in font nullfont!
Missing character: There is no 殊 ("6B8A) in font nullfont!
Missing character: There is no 需 ("9700) in font nullfont!
Missing character: There is no 要 ("8981) in font nullfont!
Missing character: There is no 字 ("5B57) in font nullfont!
Missing character: There is no 数 ("6570) in font nullfont!
Missing character: There is no 可 ("53EF) in font nullfont!
Missing character: There is no 以 ("4EE5) in font nullfont!
Missing character: There is no 略 ("7565) in font nullfont!
Missing character: There is no 多 ("591A) in font nullfont!
Missing character: There is no ， ("FF0C) in font nullfont!
Missing character: There is no 限 ("9650) in font nullfont!
Missing character: There is no 一 ("4E00) in font nullfont!
Missing character: There is no 页 ("9875) in font nullfont!
Missing character: There is no 。 ("3002) in font nullfont!

Overfull \hbox (20.0pt too wide) in paragraph at lines 3--4
[]$[]$ 
 []


! LaTeX Error: Missing \begin{document}.

See the LaTeX manual or LaTeX Companion for explanation.
Type  H <return>  for immediate help.
 ...                                              
                                                  
l.5 论
     文摘要是论文内容不加注释和评论的简短陈述，一般以第三人称语气写成。摘要的编写应遵循下列原则：
You're in trouble here.  Try typing  <return>  to proceed.
If that doesn't work, type  X <return>  to quit.

Missing character: There is no 论 ("8BBA) in font nullfont!
Missing character: There is no 文 ("6587) in font nullfont!
Missing character: There is no 摘 ("6458) in font nullfont!
Missing character: There is no 要 ("8981) in font nullfont!
Missing character: There is no 是 ("662F) in font nullfont!
Missing character: There is no 论 ("8BBA) in font nullfont!
Missing character: There is no 文 ("6587) in font nullfont!
Missing character: There is no 内 ("5185) in font nullfont!
Missing character: There is no 容 ("5BB9) in font nullfont!
Missing character: There is no 不 ("4E0D) in font nullfont!
Missing character: There is no 加 ("52A0) in font nullfont!
Missing character: There is no 注 ("6CE8) in font nullfont!
Missing character: There is no 释 ("91CA) in font nullfont!
Missing character: There is no 和 ("548C) in font nullfont!
Missing character: There is no 评 ("8BC4) in font nullfont!
Missing character: There is no 论 ("8BBA) in font nullfont!
Missing character: There is no 的 ("7684) in font nullfont!
Missing character: There is no 简 ("7B80) in font nullfont!
Missing character: There is no 短 ("77ED) in font nullfont!
Missing character: There is no 陈 ("9648) in font nullfont!
Missing character: There is no 述 ("8FF0) in font nullfont!
Missing character: There is no ， ("FF0C) in font nullfont!
Missing character: There is no 一 ("4E00) in font nullfont!
Missing character: There is no 般 ("822C) in font nullfont!
Missing character: There is no 以 ("4EE5) in font nullfont!
Missing character: There is no 第 ("7B2C) in font nullfont!
Missing character: There is no 三 ("4E09) in font nullfont!
Missing character: There is no 人 ("4EBA) in font nullfont!
Missing character: There is no 称 ("79F0) in font nullfont!
Missing character: There is no 语 ("8BED) in font nullfont!
Missing character: There is no 气 ("6C14) in font nullfont!
Missing character: There is no 写 ("5199) in font nullfont!
Missing character: There is no 成 ("6210) in font nullfont!
Missing character: There is no 。 ("3002) in font nullfont!
Missing character: There is no 摘 ("6458) in font nullfont!
Missing character: There is no 要 ("8981) in font nullfont!
Missing character: There is no 的 ("7684) in font nullfont!
Missing character: There is no 编 ("7F16) in font nullfont!
Missing character: There is no 写 ("5199) in font nullfont!
Missing character: There is no 应 ("5E94) in font nullfont!
Missing character: There is no 遵 ("9075) in font nullfont!
Missing character: There is no 循 ("5FAA) in font nullfont!
Missing character: There is no 下 ("4E0B) in font nullfont!
Missing character: There is no 列 ("5217) in font nullfont!
Missing character: There is no 原 ("539F) in font nullfont!
Missing character: There is no 则 ("5219) in font nullfont!
Missing character: There is no ： ("FF1A) in font nullfont!

Overfull \hbox (20.0pt too wide) in paragraph at lines 5--6
[] 
 []


! LaTeX Error: Missing \begin{document}.

See the LaTeX manual or LaTeX Companion for explanation.
Type  H <return>  for immediate help.
 ...                                              
                                                  
l.7 \begin{itemize}
                   
You're in trouble here.  Try typing  <return>  to proceed.
If that doesn't work, type  X <return>  to quit.


Overfull \hbox (20.0pt too wide) in paragraph at lines 7--7
[] 
 []

Missing character: There is no 摘 ("6458) in font nullfont!
Missing character: There is no 要 ("8981) in font nullfont!
Missing character: There is no 应 ("5E94) in font nullfont!
Missing character: There is no 具 ("5177) in font nullfont!
Missing character: There is no 有 ("6709) in font nullfont!
Missing character: There is no 独 ("72EC) in font nullfont!
Missing character: There is no 立 ("7ACB) in font nullfont!
Missing character: There is no 性 ("6027) in font nullfont!
Missing character: There is no 和 ("548C) in font nullfont!
Missing character: There is no 自 ("81EA) in font nullfont!
Missing character: There is no 含 ("542B) in font nullfont!
Missing character: There is no 性 ("6027) in font nullfont!
Missing character: There is no ， ("FF0C) in font nullfont!
Missing character: There is no 即 ("5373) in font nullfont!
Missing character: There is no 不 ("4E0D) in font nullfont!
Missing character: There is no 阅 ("9605) in font nullfont!
Missing character: There is no 读 ("8BFB) in font nullfont!
Missing character: There is no 论 ("8BBA) in font nullfont!
Missing character: There is no 文 ("6587) in font nullfont!
Missing character: There is no 的 ("7684) in font nullfont!
Missing character: There is no 全 ("5168) in font nullfont!
Missing character: There is no 文 ("6587) in font nullfont!
Missing character: There is no ， ("FF0C) in font nullfont!
Missing character: There is no 就 ("5C31) in font nullfont!
Missing character: There is no 能 ("80FD) in font nullfont!
Missing character: There is no 获 ("83B7) in font nullfont!
Missing character: There is no 得 ("5F97) in font nullfont!
Missing character: There is no 必 ("5FC5) in font nullfont!
Missing character: There is no 要 ("8981) in font nullfont!
Missing character: There is no 的 ("7684) in font nullfont!
Missing character: There is no 信 ("4FE1) in font nullfont!
Missing character: There is no 息 ("606F) in font nullfont!
Missing character: There is no 。 ("3002) in font nullfont!
Missing character: There is no 摘 ("6458) in font nullfont!
Missing character: There is no 要 ("8981) in font nullfont!
Missing character: There is no 是 ("662F) in font nullfont!
Missing character: There is no 学 ("5B66) in font nullfont!
Missing character: There is no 位 ("4F4D) in font nullfont!
Missing character: There is no 论 ("8BBA) in font nullfont!
Missing character: There is no 文 ("6587) in font nullfont!
Missing character: There is no 的 ("7684) in font nullfont!
Missing character: There is no 缩 ("7F29) in font nullfont!
Missing character: There is no 影 ("5F71) in font nullfont!
Missing character: There is no ， ("FF0C) in font nullfont!
Missing character: There is no 是 ("662F) in font nullfont!
Missing character: There is no 学 ("5B66) in font nullfont!
Missing character: There is no 位 ("4F4D) in font nullfont!
Missing character: There is no 论 ("8BBA) in font nullfont!
Missing character: There is no 文 ("6587) in font nullfont!
Missing character: There is no 的 ("7684) in font nullfont!
Missing character: There is no 主 ("4E3B) in font nullfont!
Missing character: There is no 要 ("8981) in font nullfont!
Missing character: There is no 内 ("5185) in font nullfont!
Missing character: There is no 容 ("5BB9) in font nullfont!
Missing character: There is no 、 ("3001) in font nullfont!
Missing character: There is no 见 ("89C1) in font nullfont!
Missing character: There is no 解 ("89E3) in font nullfont!
Missing character: There is no 、 ("3001) in font nullfont!
Missing character: There is no 结 ("7ED3) in font nullfont!
Missing character: There is no 论 ("8BBA) in font nullfont!
Missing character: There is no 简 ("7B80) in font nullfont!
Missing character: There is no 短 ("77ED) in font nullfont!
Missing character: There is no 明 ("660E) in font nullfont!
Missing character: There is no 了 ("4E86) in font nullfont!
Missing character: There is no 的 ("7684) in font nullfont!
Missing character: There is no 缩 ("7F29) in font nullfont!
Missing character: There is no 写 ("5199) in font nullfont!
Missing character: There is no 。 ("3002) in font nullfont!
Missing character: There is no 摘 ("6458) in font nullfont!
Missing character: There is no 要 ("8981) in font nullfont!
Missing character: There is no 应 ("5E94) in font nullfont!
Missing character: There is no 是 ("662F) in font nullfont!
Missing character: There is no 一 ("4E00) in font nullfont!
Missing character: There is no 篇 ("7BC7) in font nullfont!
Missing character: There is no 完 ("5B8C) in font nullfont!
Missing character: There is no 整 ("6574) in font nullfont!
Missing character: There is no 的 ("7684) in font nullfont!
Missing character: There is no 短 ("77ED) in font nullfont!
Missing character: There is no 文 ("6587) in font nullfont!
Missing character: There is no ， ("FF0C) in font nullfont!
Missing character: There is no 可 ("53EF) in font nullfont!
Missing character: There is no 以 ("4EE5) in font nullfont!
Missing character: There is no 独 ("72EC) in font nullfont!
Missing character: There is no 立 ("7ACB) in font nullfont!
Missing character: There is no 使 ("4F7F) in font nullfont!
Missing character: There is no 用 ("7528) in font nullfont!
Missing character: There is no ， ("FF0C) in font nullfont!
Missing character: There is no 可 ("53EF) in font nullfont!
Missing character: There is no 以 ("4EE5) in font nullfont!
Missing character: There is no 引 ("5F15) in font nullfont!
Missing character: There is no 用 ("7528) in font nullfont!
Missing character: There is no 。 ("3002) in font nullfont!
Missing character: There is no 摘 ("6458) in font nullfont!
Missing character: There is no 要 ("8981) in font nullfont!
Missing character: There is no 的 ("7684) in font nullfont!
Missing character: There is no 内 ("5185) in font nullfont!
Missing character: There is no 容 ("5BB9) in font nullfont!
Missing character: There is no 应 ("5E94) in font nullfont!
Missing character: There is no 包 ("5305) in font nullfont!
Missing character: There is no 含 ("542B) in font nullfont!
Missing character: There is no 与 ("4E0E) in font nullfont!
Missing character: There is no 论 ("8BBA) in font nullfont!
Missing character: There is no 文 ("6587) in font nullfont!
Missing character: There is no 等 ("7B49) in font nullfont!
Missing character: There is no 同 ("540C) in font nullfont!
Missing character: There is no 量 ("91CF) in font nullfont!
Missing character: There is no 的 ("7684) in font nullfont!
Missing character: There is no 主 ("4E3B) in font nullfont!
Missing character: There is no 要 ("8981) in font nullfont!
Missing character: There is no 信 ("4FE1) in font nullfont!
Missing character: There is no 息 ("606F) in font nullfont!
Missing character: There is no ， ("FF0C) in font nullfont!
Missing character: There is no 供 ("4F9B) in font nullfont!
Missing character: There is no 读 ("8BFB) in font nullfont!
Missing character: There is no 者 ("8005) in font nullfont!
Missing character: There is no 确 ("786E) in font nullfont!
Missing character: There is no 定 ("5B9A) in font nullfont!
Missing character: There is no 有 ("6709) in font nullfont!
Missing character: There is no 无 ("65E0) in font nullfont!
Missing character: There is no 必 ("5FC5) in font nullfont!
Missing character: There is no 要 ("8981) in font nullfont!
Missing character: There is no 阅 ("9605) in font nullfont!
Missing character: There is no 读 ("8BFB) in font nullfont!
Missing character: There is no 全 ("5168) in font nullfont!
Missing character: There is no 文 ("6587) in font nullfont!
Missing character: There is no ， ("FF0C) in font nullfont!
Missing character: There is no 也 ("4E5F) in font nullfont!
Missing character: There is no 可 ("53EF) in font nullfont!
Missing character: There is no 供 ("4F9B) in font nullfont!
Missing character: There is no 文 ("6587) in font nullfont!
Missing character: There is no 摘 ("6458) in font nullfont!
Missing character: There is no 汇 ("6C47) in font nullfont!
Missing character: There is no 编 ("7F16) in font nullfont!
Missing character: There is no 等 ("7B49) in font nullfont!
Missing character: There is no 二 ("4E8C) in font nullfont!
Missing character: There is no 次 ("6B21) in font nullfont!
Missing character: There is no 文 ("6587) in font nullfont!
Missing character: There is no 献 ("732E) in font nullfont!
Missing character: There is no 采 ("91C7) in font nullfont!
Missing character: There is no 用 ("7528) in font nullfont!
Missing character: There is no 。 ("3002) in font nullfont!
Missing character: There is no 摘 ("6458) in font nullfont!
Missing character: There is no 要 ("8981) in font nullfont!
Missing character: There is no 一 ("4E00) in font nullfont!
Missing character: There is no 般 ("822C) in font nullfont!
Missing character: There is no 应 ("5E94) in font nullfont!
Missing character: There is no 说 ("8BF4) in font nullfont!
Missing character: There is no 明 ("660E) in font nullfont!
Missing character: There is no 研 ("7814) in font nullfont!
Missing character: There is no 究 ("7A76) in font nullfont!
Missing character: There is no 工 ("5DE5) in font nullfont!
Missing character: There is no 作 ("4F5C) in font nullfont!
Missing character: There is no 的 ("7684) in font nullfont!
Missing character: There is no 目 ("76EE) in font nullfont!
Missing character: There is no 的 ("7684) in font nullfont!
Missing character: There is no 意 ("610F) in font nullfont!
Missing character: There is no 义 ("4E49) in font nullfont!
Missing character: There is no 、 ("3001) in font nullfont!
Missing character: There is no 研 ("7814) in font nullfont!
Missing character: There is no 究 ("7A76) in font nullfont!
Missing character: There is no 方 ("65B9) in font nullfont!
Missing character: There is no 法 ("6CD5) in font nullfont!
Missing character: There is no 、 ("3001) in font nullfont!
Missing character: There is no 研 ("7814) in font nullfont!
Missing character: There is no 究 ("7A76) in font nullfont!
Missing character: There is no 结 ("7ED3) in font nullfont!
Missing character: There is no 果 ("679C) in font nullfont!
Missing character: There is no 、 ("3001) in font nullfont!
Missing character: There is no 主 ("4E3B) in font nullfont!
Missing character: There is no 要 ("8981) in font nullfont!
Missing character: There is no 结 ("7ED3) in font nullfont!
Missing character: There is no 论 ("8BBA) in font nullfont!
Missing character: There is no 及 ("53CA) in font nullfont!
Missing character: There is no 意 ("610F) in font nullfont!
Missing character: There is no 义 ("4E49) in font nullfont!
Missing character: There is no 、 ("3001) in font nullfont!
Missing character: There is no 创 ("521B) in font nullfont!
Missing character: There is no 造 ("9020) in font nullfont!
Missing character: There is no 性 ("6027) in font nullfont!
Missing character: There is no 成 ("6210) in font nullfont!
Missing character: There is no 果 ("679C) in font nullfont!
Missing character: There is no 和 ("548C) in font nullfont!
Missing character: There is no 新 ("65B0) in font nullfont!
Missing character: There is no 见 ("89C1) in font nullfont!
Missing character: There is no 解 ("89E3) in font nullfont!
Missing character: There is no ， ("FF0C) in font nullfont!
Missing character: There is no 而 ("800C) in font nullfont!
Missing character: There is no 重 ("91CD) in font nullfont!
Missing character: There is no 点 ("70B9) in font nullfont!
Missing character: There is no 是 ("662F) in font nullfont!
Missing character: There is no 结 ("7ED3) in font nullfont!
Missing character: There is no 论 ("8BBA) in font nullfont!
Missing character: There is no 和 ("548C) in font nullfont!
Missing character: There is no 创 ("521B) in font nullfont!
Missing character: There is no 新 ("65B0) in font nullfont!
Missing character: There is no 点 ("70B9) in font nullfont!
Missing character: There is no 。 ("3002) in font nullfont!
Missing character: There is no 要 ("8981) in font nullfont!
Missing character: There is no 用 ("7528) in font nullfont!
Missing character: There is no 文 ("6587) in font nullfont!
Missing character: There is no 字 ("5B57) in font nullfont!
Missing character: There is no 表 ("8868) in font nullfont!
Missing character: There is no 达 ("8FBE) in font nullfont!
Missing character: There is no ， ("FF0C) in font nullfont!
Missing character: There is no 不 ("4E0D) in font nullfont!
Missing character: There is no 要 ("8981) in font nullfont!
Missing character: There is no 附 ("9644) in font nullfont!
Missing character: There is no 图 ("56FE) in font nullfont!
Missing character: There is no 和 ("548C) in font nullfont!
Missing character: There is no 照 ("7167) in font nullfont!
Missing character: There is no 片 ("7247) in font nullfont!
Missing character: There is no ， ("FF0C) in font nullfont!
Missing character: There is no 除 ("9664) in font nullfont!
Missing character: There is no 了 ("4E86) in font nullfont!
Missing character: There is no 实 ("5B9E) in font nullfont!
Missing character: There is no 在 ("5728) in font nullfont!
Missing character: There is no 无 ("65E0) in font nullfont!
Missing character: There is no 变 ("53D8) in font nullfont!
Missing character: There is no 通 ("901A) in font nullfont!
Missing character: There is no 办 ("529E) in font nullfont!
Missing character: There is no 法 ("6CD5) in font nullfont!
Missing character: There is no 可 ("53EF) in font nullfont!
Missing character: There is no 用 ("7528) in font nullfont!
Missing character: There is no 以 ("4EE5) in font nullfont!
Missing character: There is no 外 ("5916) in font nullfont!
Missing character: There is no ， ("FF0C) in font nullfont!
Missing character: There is no 摘 ("6458) in font nullfont!
Missing character: There is no 要 ("8981) in font nullfont!
Missing character: There is no 中 ("4E2D) in font nullfont!
Missing character: There is no 不 ("4E0D) in font nullfont!
Missing character: There is no 用 ("7528) in font nullfont!
Missing character: There is no 图 ("56FE) in font nullfont!
Missing character: There is no 、 ("3001) in font nullfont!
Missing character: There is no 表 ("8868) in font nullfont!
Missing character: There is no 、 ("3001) in font nullfont!
Missing character: There is no 化 ("5316) in font nullfont!
Missing character: There is no 学 ("5B66) in font nullfont!
Missing character: There is no 结 ("7ED3) in font nullfont!
Missing character: There is no 构 ("6784) in font nullfont!
Missing character: There is no 式 ("5F0F) in font nullfont!
Missing character: There is no 、 ("3001) in font nullfont!
Missing character: There is no 非 ("975E) in font nullfont!
Missing character: There is no 公 ("516C) in font nullfont!
Missing character: There is no 知 ("77E5) in font nullfont!
Missing character: There is no 公 ("516C) in font nullfont!
Missing character: There is no 用 ("7528) in font nullfont!
Missing character: There is no 的 ("7684) in font nullfont!
Missing character: There is no 符 ("7B26) in font nullfont!
Missing character: There is no 号 ("53F7) in font nullfont!
Missing character: There is no 和 ("548C) in font nullfont!
Missing character: There is no 术 ("672F) in font nullfont!
Missing character: There is no 语 ("8BED) in font nullfont!
Missing character: There is no ， ("FF0C) in font nullfont!
Missing character: There is no 不 ("4E0D) in font nullfont!
Missing character: There is no 要 ("8981) in font nullfont!
Missing character: There is no 使 ("4F7F) in font nullfont!
Missing character: There is no 用 ("7528) in font nullfont!
Missing character: There is no 表 ("8868) in font nullfont!
Missing character: There is no 格 ("683C) in font nullfont!
Missing character: There is no 、 ("3001) in font nullfont!
Missing character: There is no 公 ("516C) in font nullfont!
Missing character: There is no 式 ("5F0F) in font nullfont!
Missing character: There is no 、 ("3001) in font nullfont!
Missing character: There is no 上 ("4E0A) in font nullfont!
Missing character: There is no 下 ("4E0B) in font nullfont!
Missing character: There is no 标 ("6807) in font nullfont!
Missing character: There is no 以 ("4EE5) in font nullfont!
Missing character: There is no 及 ("53CA) in font nullfont!
Missing character: There is no 其 ("5176) in font nullfont!
Missing character: There is no 他 ("4ED6) in font nullfont!
Missing character: There is no 特 ("7279) in font nullfont!
Missing character: There is no 殊 ("6B8A) in font nullfont!
Missing character: There is no 符 ("7B26) in font nullfont!
Missing character: There is no 号 ("53F7) in font nullfont!
Missing character: There is no ， ("FF0C) in font nullfont!
Missing character: There is no 要 ("8981) in font nullfont!
Missing character: There is no 突 ("7A81) in font nullfont!
Missing character: There is no 出 ("51FA) in font nullfont!
Missing character: There is no 重 ("91CD) in font nullfont!
Missing character: There is no 点 ("70B9) in font nullfont!
Missing character: There is no ， ("FF0C) in font nullfont!
Missing character: There is no 阐 ("9610) in font nullfont!
Missing character: There is no 述 ("8FF0) in font nullfont!
Missing character: There is no 清 ("6E05) in font nullfont!
Missing character: There is no 楚 ("695A) in font nullfont!
Missing character: There is no ， ("FF0C) in font nullfont!
Missing character: There is no 少 ("5C11) in font nullfont!
Missing character: There is no 用 ("7528) in font nullfont!
Missing character: There is no 数 ("6570) in font nullfont!
Missing character: There is no 据 ("636E) in font nullfont!
Missing character: There is no 表 ("8868) in font nullfont!
Missing character: There is no 。 ("3002) in font nullfont!
Missing character: There is no 论 ("8BBA) in font nullfont!
Missing character: There is no 文 ("6587) in font nullfont!
Missing character: There is no 摘 ("6458) in font nullfont!
Missing character: There is no 要 ("8981) in font nullfont!
Missing character: There is no 用 ("7528) in font nullfont!
Missing character: There is no 语 ("8BED) in font nullfont!
Missing character: There is no 力 ("529B) in font nullfont!
Missing character: There is no 求 ("6C42) in font nullfont!
Missing character: There is no 简 ("7B80) in font nullfont!
Missing character: There is no 洁 ("6D01) in font nullfont!
Missing character: There is no 、 ("3001) in font nullfont!
Missing character: There is no 准 ("51C6) in font nullfont!
Missing character: There is no 确 ("786E) in font nullfont!
Missing character: There is no 。 ("3002) in font nullfont!
Missing character: There is no 原 ("539F) in font nullfont!
Missing character: There is no 则 ("5219) in font nullfont!
Missing character: There is no 上 ("4E0A) in font nullfont!
Missing character: There is no 3 ("33) in font nullfont!
Missing character: There is no 0 ("30) in font nullfont!
Missing character: There is no 0 ("30) in font nullfont!

LaTeX Warning: Command \textasciitilde invalid in math mode on input line 12.


LaTeX Warning: Command \~ invalid in math mode on input line 12.


LaTeX Warning: Command \~ invalid in math mode on input line 12.

! Please use \mathaccent for accents in math mode.
\add@accent ... \let \ignorespaces \relax \accent 
                                                  #1 #2\egroup \ifmmode \els...
l.12 ...少用数据表。论文摘要用语力求简洁、准确。原则上300$\textasciitilde
                                                  $600字。
I'm changing \accent to \mathaccent here; wish me luck.
(Accents are not the same in formulas as they are in text.)

! Missing { inserted.
<to be read again> 
                   \edef 
l.12 ...少用数据表。论文摘要用语力求简洁、准确。原则上300$\textasciitilde
                                                  $600字。
A left brace was mandatory here, so I've put one in.
You might want to delete and/or insert some corrections
so that I will find a matching right brace soon.
(If you're confused by all this, try typing `I}' now.)

! Missing } inserted.
<inserted text> 
                }
l.12 ...用数据表。论文摘要用语力求简洁、准确。原则上300$\textasciitilde$
                                                  600字。
I've inserted something that you may have forgotten.
(See the <inserted text> above.)
With luck, this will get me unwedged. But if you
really didn't forget anything, try typing `2' now; then
my insertion and my current dilemma will both disappear.

Missing character: There is no 6 ("36) in font nullfont!
Missing character: There is no 0 ("30) in font nullfont!
Missing character: There is no 0 ("30) in font nullfont!
Missing character: There is no 字 ("5B57) in font nullfont!
Missing character: There is no 。 ("3002) in font nullfont!
! Undefined control sequence.
l.14 \ChineseKeywords
                     {北京科技大学；硕士研究生；论文模板}
The control sequence at the end of the top line
of your error message was never \def'ed. If you have
misspelled it (e.g., `\hobx'), type `I' and the correct
spelling (e.g., `I\hbox'). Otherwise just continue,
and I'll forget about whatever was undefined.

Missing character: There is no 北 ("5317) in font nullfont!
Missing character: There is no 京 ("4EAC) in font nullfont!
Missing character: There is no 科 ("79D1) in font nullfont!
Missing character: There is no 技 ("6280) in font nullfont!
Missing character: There is no 大 ("5927) in font nullfont!
Missing character: There is no 学 ("5B66) in font nullfont!
Missing character: There is no ； ("FF1B) in font nullfont!
Missing character: There is no 硕 ("7855) in font nullfont!
Missing character: There is no 士 ("58EB) in font nullfont!
Missing character: There is no 研 ("7814) in font nullfont!
Missing character: There is no 究 ("7A76) in font nullfont!
Missing character: There is no 生 ("751F) in font nullfont!
Missing character: There is no ； ("FF1B) in font nullfont!
Missing character: There is no 论 ("8BBA) in font nullfont!
Missing character: There is no 文 ("6587) in font nullfont!
Missing character: There is no 模 ("6A21) in font nullfont!
Missing character: There is no 板 ("677F) in font nullfont!

! LaTeX Error: \begin{document} ended by \end{ChineseAbstract}.

See the LaTeX manual or LaTeX Companion for explanation.
Type  H <return>  for immediate help.
 ...                                              
                                                  
l.15 \end{ChineseAbstract}
                          
Your command was ignored.
Type  I <command> <return>  to replace it with another command,
or  <return>  to continue without it.


! LaTeX Error: Environment EnglishAbstract undefined.

See the LaTeX manual or LaTeX Companion for explanation.
Type  H <return>  for immediate help.
 ...                                              
                                                  
l.18 \begin{EnglishAbstract}
                            
Your command was ignored.
Type  I <command> <return>  to replace it with another command,
or  <return>  to continue without it.

Missing character: There is no I ("49) in font nullfont!
Missing character: There is no n ("6E) in font nullfont!
Missing character: There is no e ("65) in font nullfont!
Missing character: There is no n ("6E) in font nullfont!
Missing character: There is no v ("76) in font nullfont!
Missing character: There is no i ("69) in font nullfont!
Missing character: There is no r ("72) in font nullfont!
Missing character: There is no o ("6F) in font nullfont!
Missing character: There is no n ("6E) in font nullfont!
Missing character: There is no m ("6D) in font nullfont!
Missing character: There is no e ("65) in font nullfont!
Missing character: There is no n ("6E) in font nullfont!
Missing character: There is no t ("74) in font nullfont!
Missing character: There is no a ("61) in font nullfont!
Missing character: There is no l ("6C) in font nullfont!
Missing character: There is no e ("65) in font nullfont!
Missing character: There is no c ("63) in font nullfont!
Missing character: There is no o ("6F) in font nullfont!
Missing character: There is no n ("6E) in font nullfont!
Missing character: There is no o ("6F) in font nullfont!
Missing character: There is no m ("6D) in font nullfont!
Missing character: There is no i ("69) in font nullfont!
Missing character: There is no c ("63) in font nullfont!
Missing character: There is no s ("73) in font nullfont!
Missing character: There is no , ("2C) in font nullfont!
Missing character: There is no e ("65) in font nullfont!
Missing character: There is no n ("6E) in font nullfont!
Missing character: There is no v ("76) in font nullfont!
Missing character: There is no i ("69) in font nullfont!
Missing character: There is no r ("72) in font nullfont!
Missing character: There is no o ("6F) in font nullfont!
Missing character: There is no n ("6E) in font nullfont!
Missing character: There is no m ("6D) in font nullfont!
Missing character: There is no e ("65) in font nullfont!
Missing character: There is no n ("6E) in font nullfont!
Missing character: There is no t ("74) in font nullfont!
Missing character: There is no a ("61) in font nullfont!
Missing character: There is no l ("6C) in font nullfont!
Missing character: There is no r ("72) in font nullfont!
Missing character: There is no e ("65) in font nullfont!
Missing character: There is no s ("73) in font nullfont!
Missing character: There is no o ("6F) in font nullfont!
Missing character: There is no u ("75) in font nullfont!
Missing character: There is no r ("72) in font nullfont!
Missing character: There is no c ("63) in font nullfont!
Missing character: There is no e ("65) in font nullfont!
Missing character: There is no s ("73) in font nullfont!
Missing character: There is no i ("69) in font nullfont!
Missing character: There is no n ("6E) in font nullfont!
Missing character: There is no c ("63) in font nullfont!
Missing character: There is no l ("6C) in font nullfont!
Missing character: There is no u ("75) in font nullfont!
Missing character: There is no d ("64) in font nullfont!
Missing character: There is no i ("69) in font nullfont!
Missing character: There is no n ("6E) in font nullfont!
Missing character: There is no g ("67) in font nullfont!
Missing character: There is no e ("65) in font nullfont!
Missing character: There is no n ("6E) in font nullfont!
Missing character: There is no v ("76) in font nullfont!
Missing character: There is no i ("69) in font nullfont!
Missing character: There is no r ("72) in font nullfont!
Missing character: There is no o ("6F) in font nullfont!
Missing character: There is no n ("6E) in font nullfont!
Missing character: There is no m ("6D) in font nullfont!
Missing character: There is no e ("65) in font nullfont!
Missing character: There is no n ("6E) in font nullfont!
Missing character: There is no t ("74) in font nullfont!
Missing character: There is no a ("61) in font nullfont!
Missing character: There is no l ("6C) in font nullfont!
Missing character: There is no q ("71) in font nullfont!
Missing character: There is no u ("75) in font nullfont!
Missing character: There is no a ("61) in font nullfont!
Missing character: There is no l ("6C) in font nullfont!
Missing character: There is no i ("69) in font nullfont!
Missing character: There is no t ("74) in font nullfont!
Missing character: There is no y ("79) in font nullfont!
Missing character: There is no a ("61) in font nullfont!
Missing character: There is no r ("72) in font nullfont!
Missing character: There is no e ("65) in font nullfont!
Missing character: There is no c ("63) in font nullfont!
Missing character: There is no a ("61) in font nullfont!
Missing character: There is no t ("74) in font nullfont!
Missing character: There is no e ("65) in font nullfont!
Missing character: There is no g ("67) in font nullfont!
Missing character: There is no o ("6F) in font nullfont!
Missing character: There is no r ("72) in font nullfont!
Missing character: There is no i ("69) in font nullfont!
Missing character: There is no z ("7A) in font nullfont!
Missing character: There is no e ("65) in font nullfont!
Missing character: There is no d ("64) in font nullfont!
Missing character: There is no a ("61) in font nullfont!
Missing character: There is no s ("73) in font nullfont!
Missing character: There is no a ("61) in font nullfont!
Missing character: There is no m ("6D) in font nullfont!
Missing character: There is no e ("65) in font nullfont!
Missing character: There is no n ("6E) in font nullfont!
Missing character: There is no i ("69) in font nullfont!
Missing character: There is no t ("74) in font nullfont!
Missing character: There is no y ("79) in font nullfont!
Missing character: There is no r ("72) in font nullfont!
Missing character: There is no e ("65) in font nullfont!
Missing character: There is no s ("73) in font nullfont!
Missing character: There is no o ("6F) in font nullfont!
Missing character: There is no u ("75) in font nullfont!
Missing character: There is no r ("72) in font nullfont!
Missing character: There is no c ("63) in font nullfont!
Missing character: There is no e ("65) in font nullfont!
Missing character: There is no s ("73) in font nullfont!
Missing character: There is no . ("2E) in font nullfont!
Missing character: There is no D ("44) in font nullfont!
Missing character: There is no u ("75) in font nullfont!
Missing character: There is no e ("65) in font nullfont!
Missing character: There is no t ("74) in font nullfont!
Missing character: There is no o ("6F) in font nullfont!
Missing character: There is no i ("69) in font nullfont!
Missing character: There is no t ("74) in font nullfont!
Missing character: There is no s ("73) in font nullfont!
Missing character: There is no i ("69) in font nullfont!
Missing character: There is no m ("6D) in font nullfont!
Missing character: There is no p ("70) in font nullfont!
Missing character: There is no o ("6F) in font nullfont!
Missing character: There is no r ("72) in font nullfont!
Missing character: There is no t ("74) in font nullfont!
Missing character: There is no a ("61) in font nullfont!
Missing character: There is no n ("6E) in font nullfont!
Missing character: There is no c ("63) in font nullfont!
Missing character: There is no e ("65) in font nullfont!
Missing character: There is no t ("74) in font nullfont!
Missing character: There is no o ("6F) in font nullfont!
Missing character: There is no h ("68) in font nullfont!
Missing character: There is no u ("75) in font nullfont!
Missing character: There is no m ("6D) in font nullfont!
Missing character: There is no a ("61) in font nullfont!
Missing character: There is no n ("6E) in font nullfont!
Missing character: There is no w ("77) in font nullfont!
Missing character: There is no e ("65) in font nullfont!
Missing character: There is no l ("6C) in font nullfont!
Missing character: There is no f ("66) in font nullfont!
Missing character: There is no a ("61) in font nullfont!
Missing character: There is no r ("72) in font nullfont!
Missing character: There is no e ("65) in font nullfont!
Missing character: There is no , ("2C) in font nullfont!
Missing character: There is no t ("74) in font nullfont!
Missing character: There is no h ("68) in font nullfont!
Missing character: There is no e ("65) in font nullfont!
Missing character: There is no a ("61) in font nullfont!
Missing character: There is no m ("6D) in font nullfont!
Missing character: There is no e ("65) in font nullfont!
Missing character: There is no n ("6E) in font nullfont!
Missing character: There is no i ("69) in font nullfont!
Missing character: There is no t ("74) in font nullfont!
Missing character: There is no y ("79) in font nullfont!
Missing character: There is no r ("72) in font nullfont!
Missing character: There is no e ("65) in font nullfont!
Missing character: There is no s ("73) in font nullfont!
Missing character: There is no o ("6F) in font nullfont!
Missing character: There is no u ("75) in font nullfont!
Missing character: There is no r ("72) in font nullfont!
Missing character: There is no c ("63) in font nullfont!
Missing character: There is no e ("65) in font nullfont!
Missing character: There is no s ("73) in font nullfont!
Missing character: There is no t ("74) in font nullfont!
Missing character: There is no h ("68) in font nullfont!
Missing character: There is no e ("65) in font nullfont!
Missing character: There is no o ("6F) in font nullfont!
Missing character: There is no r ("72) in font nullfont!
Missing character: There is no e ("65) in font nullfont!
Missing character: There is no t ("74) in font nullfont!
Missing character: There is no i ("69) in font nullfont!
Missing character: There is no c ("63) in font nullfont!
Missing character: There is no a ("61) in font nullfont!
Missing character: There is no l ("6C) in font nullfont!
Missing character: There is no s ("73) in font nullfont!
Missing character: There is no t ("74) in font nullfont!
Missing character: There is no u ("75) in font nullfont!
Missing character: There is no d ("64) in font nullfont!
Missing character: There is no y ("79) in font nullfont!
Missing character: There is no a ("61) in font nullfont!
Missing character: There is no n ("6E) in font nullfont!
Missing character: There is no d ("64) in font nullfont!
Missing character: There is no v ("76) in font nullfont!
Missing character: There is no a ("61) in font nullfont!
Missing character: There is no l ("6C) in font nullfont!
Missing character: There is no u ("75) in font nullfont!
Missing character: There is no a ("61) in font nullfont!
Missing character: There is no t ("74) in font nullfont!
Missing character: There is no i ("69) in font nullfont!
Missing character: There is no o ("6F) in font nullfont!
Missing character: There is no n ("6E) in font nullfont!
Missing character: There is no i ("69) in font nullfont!
Missing character: There is no s ("73) in font nullfont!
Missing character: There is no a ("61) in font nullfont!
Missing character: There is no n ("6E) in font nullfont!
Missing character: There is no o ("6F) in font nullfont!
Missing character: There is no n ("6E) in font nullfont!
Missing character: There is no g ("67) in font nullfont!
Missing character: There is no o ("6F) in font nullfont!
Missing character: There is no i ("69) in font nullfont!
Missing character: There is no n ("6E) in font nullfont!
Missing character: There is no g ("67) in font nullfont!
Missing character: There is no i ("69) in font nullfont!
Missing character: There is no s ("73) in font nullfont!
Missing character: There is no s ("73) in font nullfont!
Missing character: There is no u ("75) in font nullfont!
Missing character: There is no e ("65) in font nullfont!
Missing character: There is no a ("61) in font nullfont!
Missing character: There is no t ("74) in font nullfont!
Missing character: There is no t ("74) in font nullfont!
Missing character: There is no h ("68) in font nullfont!
Missing character: There is no e ("65) in font nullfont!
Missing character: There is no a ("61) in font nullfont!
Missing character: There is no c ("63) in font nullfont!
Missing character: There is no a ("61) in font nullfont!
Missing character: There is no d ("64) in font nullfont!
Missing character: There is no e ("65) in font nullfont!
Missing character: There is no m ("6D) in font nullfont!
Missing character: There is no i ("69) in font nullfont!
Missing character: There is no c ("63) in font nullfont!
Missing character: There is no f ("66) in font nullfont!
Missing character: There is no r ("72) in font nullfont!
Missing character: There is no o ("6F) in font nullfont!
Missing character: There is no n ("6E) in font nullfont!
Missing character: There is no t ("74) in font nullfont!
Missing character: There is no i ("69) in font nullfont!
Missing character: There is no e ("65) in font nullfont!
Missing character: There is no r ("72) in font nullfont!
Missing character: There is no i ("69) in font nullfont!
Missing character: There is no n ("6E) in font nullfont!
Missing character: There is no t ("74) in font nullfont!
Missing character: There is no h ("68) in font nullfont!
Missing character: There is no e ("65) in font nullfont!
Missing character: There is no e ("65) in font nullfont!
Missing character: There is no n ("6E) in font nullfont!
Missing character: There is no v ("76) in font nullfont!
Missing character: There is no i ("69) in font nullfont!
Missing character: There is no r ("72) in font nullfont!
Missing character: There is no o ("6F) in font nullfont!
Missing character: There is no n ("6E) in font nullfont!
Missing character: There is no m ("6D) in font nullfont!
Missing character: There is no e ("65) in font nullfont!
Missing character: There is no n ("6E) in font nullfont!
Missing character: There is no t ("74) in font nullfont!
Missing character: There is no a ("61) in font nullfont!
Missing character: There is no l ("6C) in font nullfont!
Missing character: There is no e ("65) in font nullfont!
Missing character: There is no c ("63) in font nullfont!
Missing character: There is no o ("6F) in font nullfont!
Missing character: There is no n ("6E) in font nullfont!
Missing character: There is no o ("6F) in font nullfont!
Missing character: There is no m ("6D) in font nullfont!
Missing character: There is no i ("69) in font nullfont!
Missing character: There is no c ("63) in font nullfont!
Missing character: There is no s ("73) in font nullfont!
Missing character: There is no a ("61) in font nullfont!
Missing character: There is no r ("72) in font nullfont!
Missing character: There is no e ("65) in font nullfont!
Missing character: There is no a ("61) in font nullfont!
Missing character: There is no . ("2E) in font nullfont!

Overfull \hbox (20.0pt too wide) in paragraph at lines 20--21
[]
 []

Missing character: There is no 注 ("6CE8) in font nullfont!
Missing character: There is no ： ("FF1A) in font nullfont!
Missing character: There is no 论 ("8BBA) in font nullfont!
Missing character: There is no 文 ("6587) in font nullfont!
Missing character: There is no 的 ("7684) in font nullfont!
Missing character: There is no 英 ("82F1) in font nullfont!
Missing character: There is no 文 ("6587) in font nullfont!
Missing character: There is no 摘 ("6458) in font nullfont!
Missing character: There is no 要 ("8981) in font nullfont!
Missing character: There is no ， ("FF0C) in font nullfont!
Missing character: There is no 应 ("5E94) in font nullfont!
Missing character: There is no 有 ("6709) in font nullfont!
Missing character: There is no 英 ("82F1) in font nullfont!
Missing character: There is no 文 ("6587) in font nullfont!
Missing character: There is no 题 ("9898) in font nullfont!
Missing character: There is no 目 ("76EE) in font nullfont!
Missing character: There is no 和 ("548C) in font nullfont!
Missing character: There is no 关 ("5173) in font nullfont!
Missing character: There is no 键 ("952E) in font nullfont!
Missing character: There is no 词 ("8BCD) in font nullfont!
Missing character: There is no ， ("FF0C) in font nullfont!
Missing character: There is no 内 ("5185) in font nullfont!
Missing character: There is no 容 ("5BB9) in font nullfont!
Missing character: There is no 与 ("4E0E) in font nullfont!
Missing character: There is no 中 ("4E2D) in font nullfont!
Missing character: There is no 文 ("6587) in font nullfont!
Missing character: There is no 摘 ("6458) in font nullfont!
Missing character: There is no 要 ("8981) in font nullfont!
Missing character: There is no 相 ("76F8) in font nullfont!
Missing character: There is no 同 ("540C) in font nullfont!
Missing character: There is no ， ("FF0C) in font nullfont!
Missing character: There is no 用 ("7528) in font nullfont!
Missing character: There is no 另 ("53E6) in font nullfont!
Missing character: There is no 页 ("9875) in font nullfont!
Missing character: There is no 置 ("7F6E) in font nullfont!
Missing character: There is no 于 ("4E8E) in font nullfont!
Missing character: There is no 中 ("4E2D) in font nullfont!
Missing character: There is no 文 ("6587) in font nullfont!
Missing character: There is no 摘 ("6458) in font nullfont!
Missing character: There is no 要 ("8981) in font nullfont!
Missing character: There is no 之 ("4E4B) in font nullfont!
Missing character: There is no 后 ("540E) in font nullfont!
Missing character: There is no ； ("FF1B) in font nullfont!
Missing character: There is no 外 ("5916) in font nullfont!
Missing character: There is no 文 ("6587) in font nullfont!
Missing character: There is no 摘 ("6458) in font nullfont!
Missing character: There is no 要 ("8981) in font nullfont!
Missing character: There is no 实 ("5B9E) in font nullfont!
Missing character: There is no 词 ("8BCD) in font nullfont!
Missing character: There is no 在 ("5728) in font nullfont!
Missing character: There is no 3 ("33) in font nullfont!
Missing character: There is no 0 ("30) in font nullfont!
Missing character: There is no 0 ("30) in font nullfont!
Missing character: There is no 个 ("4E2A) in font nullfont!
Missing character: There is no 左 ("5DE6) in font nullfont!
Missing character: There is no 右 ("53F3) in font nullfont!
Missing character: There is no 。 ("3002) in font nullfont!

Overfull \hbox (20.0pt too wide) in paragraph at lines 22--23
[] 
 []

! Undefined control sequence.
l.24 \EnglishKeywords
                     {Key word 1; Key word 2; Key word 3; $\cdots$}
The control sequence at the end of the top line
of your error message was never \def'ed. If you have
misspelled it (e.g., `\hobx'), type `I' and the correct
spelling (e.g., `I\hbox'). Otherwise just continue,
and I'll forget about whatever was undefined.

Missing character: There is no K ("4B) in font nullfont!
Missing character: There is no e ("65) in font nullfont!
Missing character: There is no y ("79) in font nullfont!
Missing character: There is no w ("77) in font nullfont!
Missing character: There is no o ("6F) in font nullfont!
Missing character: There is no r ("72) in font nullfont!
Missing character: There is no d ("64) in font nullfont!
Missing character: There is no 1 ("31) in font nullfont!
Missing character: There is no ; ("3B) in font nullfont!
Missing character: There is no K ("4B) in font nullfont!
Missing character: There is no e ("65) in font nullfont!
Missing character: There is no y ("79) in font nullfont!
Missing character: There is no w ("77) in font nullfont!
Missing character: There is no o ("6F) in font nullfont!
Missing character: There is no r ("72) in font nullfont!
Missing character: There is no d ("64) in font nullfont!
Missing character: There is no 2 ("32) in font nullfont!
Missing character: There is no ; ("3B) in font nullfont!
Missing character: There is no K ("4B) in font nullfont!
Missing character: There is no e ("65) in font nullfont!
Missing character: There is no y ("79) in font nullfont!
Missing character: There is no w ("77) in font nullfont!
Missing character: There is no o ("6F) in font nullfont!
Missing character: There is no r ("72) in font nullfont!
Missing character: There is no d ("64) in font nullfont!
Missing character: There is no 3 ("33) in font nullfont!
Missing character: There is no ; ("3B) in font nullfont!

! LaTeX Error: \begin{document} ended by \end{EnglishAbstract}.

See the LaTeX manual or LaTeX Companion for explanation.
Type  H <return>  for immediate help.
 ...                                              
                                                  
l.25 \end{EnglishAbstract}
                          
Your command was ignored.
Type  I <command> <return>  to replace it with another command,
or  <return>  to continue without it.

)
! Emergency stop.
<*> abstract.tex
                
*** (job aborted, no legal \end found)

 
Here is how much of TeX's memory you used:
 70 strings out of 476683
 1322 string characters out of 5804047
 1843012 words of memory out of 5000000
 20412 multiletter control sequences out of 15000+600000
 515230 words of font info for 33 fonts, out of 8000000 for 9000
 1348 hyphenation exceptions out of 8191
 23i,4n,32p,346b,139s stack positions out of 10000i,1000n,20000p,200000b,200000s
No pages of output.
